// Jest Snapshot v1, https://goo.gl/fbAQLP

exports[`VideoList should renders 1`] = `
<div>
  <div
    class="sc-gKsewC ikKpsV"
    data-testid="video-list"
  >
    <div
      class="sc-bdfBwQ jaBdCV"
      data-testid="video-item"
    >
      <div
        class="sc-gsTCUz krmAWT"
      >
        <img
          alt="Video Tour | Welcome to Wizeline Guadalajara"
          class="sc-dlfnbm isGCyU"
          src="https://i.ytimg.com/vi/nmXMgqjQzls/medium.jpg"
        />
        <div
          class="sc-hKgILt geQTeo"
        >
          <h4
            class="sc-eCssSg jMQuYw"
          >
            Video Tour | Welcome to Wizeline Guadalajara
          </h4>
          <p
            class="sc-jSgupP hWSoYQ"
          >
            Follow Hector Padilla, Wizeline Director of Engineering, for a lively tour of our office. In 2018, Wizeline opened its stunning new office in Guadalajara, Jalisco, ...
          </p>
        </div>
      </div>
    </div>
    <div
      class="sc-bdfBwQ jaBdCV"
      data-testid="video-item"
    >
      <div
        class="sc-gsTCUz krmAWT"
      >
        <img
          alt="Title"
          class="sc-dlfnbm isGCyU"
          src="https://i.ytimg.com/vi/nmXMgqjQzls/medium.jpg"
        />
        <div
          class="sc-hKgILt geQTeo"
        >
          <h4
            class="sc-eCssSg jMQuYw"
          >
            Title
          </h4>
          <p
            class="sc-jSgupP hWSoYQ"
          >
            Description
          </p>
        </div>
      </div>
    </div>
  </div>
</div>
`;
