// Jest Snapshot v1, https://goo.gl/fbAQLP

exports[`Toggle renders correctly 1`] = `
.c4 {
  border-radius: 34px;
  position: absolute;
  cursor: pointer;
  top: 0;
  left: 0;
  right: 0;
  bottom: 0;
  background-color: #333333;
  -webkit-transition: 0.4s;
  -webkit-transition: 0.4s;
  transition: 0.4s;
}

.c4:before {
  border-radius: 50%;
  position: absolute;
  content: '';
  height: 13px;
  width: 13px;
  left: 2px;
  bottom: 1.5px;
  background-color: white;
  -webkit-transition: 0.4s;
  -webkit-transition: 0.4s;
  transition: 0.4s;
}

.c2:before {
  position: absolute;
  content: '';
  height: 13px;
  width: 13px;
  left: 2px;
  bottom: 1.5px;
  background-color: white;
  -webkit-transition: 0.4s;
  -webkit-transition: 0.4s;
  transition: 0.4s;
}

.c2:checked + .c3 {
  background-color: #eea2a2;
}

.c2:checked + .c3:before {
  -webkit-transform: translateX(13px);
  -ms-transform: translateX(13px);
  -webkit-transform: translateX(13px);
  -ms-transform: translateX(13px);
  transform: translateX(13px);
}

.c2:focus + .c3 {
  box-shadow: 0 0 1px #eea2a2;
}

.c0 {
  position: relative;
  display: inline-block;
  width: 30px;
  height: 16px;
}

.c0 .c1 {
  opacity: 0;
  width: 0;
  height: 0;
}

<label
  className="c0"
>
  <input
    className="c1 c2"
    type="checkbox"
  />
  <span
    className="c3 c4"
  />
</label>
`;
