// Jest Snapshot v1, https://goo.gl/fbAQLP

exports[`VideoPlayerContainer shows div for iframe load 1`] = `
<div
  class="sc-bxivhb cDFCAd"
  id="video-player-container"
>
  <div
    id="player"
  />
  <div
    class="sc-htpNat fwoPCq"
    id="related-videos-list"
  >
    <div
      data-testid="small-caption-{\\"kind\\":\\"youtube#video\\",\\"videoId\\":\\"nmXMgqjQzls\\"}"
    >
      <div
        class="sc-bdVaJa kYayQX"
      >
        <img
          alt="Video Tour | Welcome to Wizeline Guadalajara"
          src="https://i.ytimg.com/vi/nmXMgqjQzls/default.jpg"
        />
        <div
          class="sc-bwzfXH kuXOth"
        >
          Follow Hector Padilla, Wizeline Director of Engineering, for a lively tour of our office. In 2018, Wizeline opened its stunning new office in Guadalajara, Jalisco, ...
        </div>
      </div>
    </div>
  </div>
</div>
`;
