// Jest Snapshot v1, https://goo.gl/fbAQLP

exports[`Video Mosaic Component Tests Should render the video mosaic 1`] = `
<DocumentFragment>
  <div
    class="MuiGrid-root MuiGrid-item MuiGrid-grid-xs-4"
  >
    <div
      class="MuiPaper-root MuiCard-root MuiPaper-elevation1 MuiPaper-rounded"
    >
      <button
        class="MuiButtonBase-root MuiCardActionArea-root"
        tabindex="0"
        type="button"
      >
        <img
          alt="Video Tour | Welcome to Wizeline Guadalajara"
          class="MuiCardMedia-root MuiCardMedia-media MuiCardMedia-img"
          src="https://i.ytimg.com/vi/nmXMgqjQzls/hqdefault.jpg"
          title="Video Tour | Welcome to Wizeline Guadalajara"
        />
        <div
          class="MuiCardContent-root sc-bdfBwQ fUcBBP"
        >
          <h2
            class="MuiTypography-root MuiTypography-h5 MuiTypography-gutterBottom"
          >
            Video Tour | Welcome to Wizeline Guadalajara
          </h2>
          <p
            class="MuiTypography-root MuiTypography-body2"
          >
            Follow Hector Padilla, Wizeline Director of Engineering, for a lively tour of our office. In 2018, Wizeline opened its stunning new office in Guadalajara, Jalisco, ...
          </p>
        </div>
        <span
          class="MuiCardActionArea-focusHighlight"
        />
        <span
          class="MuiTouchRipple-root"
        />
      </button>
    </div>
  </div>
</DocumentFragment>
`;
