// Jest Snapshot v1, https://goo.gl/fbAQLP

exports[`Header renders 1`] = `
<div>
  <div
    class="sc-dnqmqq NHvrK"
    data-testid="header"
    role="toolbar"
  >
    <div
      class="sc-iwsKbI hQBmBE"
    >
      <div>
        <img
          alt="hamburguer"
          class="sc-bZQynM fQIdZv"
          role="button"
          src="hamburguer.png"
        />
      </div>
      <div
        data-testid="search-input"
      >
        <input
          class="sc-htoDjs qDjDL"
          role="search"
        />
      </div>
    </div>
    <div
      class="sc-iwsKbI hQBmBE"
    >
      <div
        data-testid="theme-mode-switch"
      >
        <input
          class="sc-gzVnrw ibZhkv"
          role="switch"
          type="checkbox"
        />
      </div>
      <div
        data-testid="user-avatar"
      >
        <img
          alt="profile"
          class="sc-bdVaJa ieaWl"
          role="button"
          src="default_user.jpg"
        />
      </div>
    </div>
  </div>
</div>
`;
