// Jest Snapshot v1, https://goo.gl/fbAQLP

exports[`VideoPlayerContainer shows div for iframe load 1`] = `
<div
  class="sc-jzJRlG dPOBZH"
  id="video-player-container"
>
  <div
    class="sc-kAzzGY jhRLeD"
  >
    <div
      id="player"
    />
    <div
      class="sc-cSHVUG jTEtdD"
    >
      <button
        class="sc-iwsKbI ekEwku"
        data-testid="add-favorite"
        height="30px"
        width="150px"
      >
        Add favorite
      </button>
    </div>
  </div>
  <div
    class="sc-fjdhpX cjBnfF"
    id="related-videos-list"
  >
    <div
      data-testid="small-caption-{\\"kind\\":\\"youtube#video\\",\\"videoId\\":\\"nmXMgqjQzls\\"}"
    >
      <div
        class="sc-gqjmRU gWskoB"
      >
        <img
          alt="Video Tour | Welcome to Wizeline Guadalajara"
          src="https://i.ytimg.com/vi/nmXMgqjQzls/default.jpg"
        />
        <div
          class="sc-jTzLTM dCsEsz"
        >
          <div
            class="sc-VigVT dPTAIb"
          >
            Follow Hector Padilla, Wizeline Director of Engineering, for a lively tour of our office. In 2018, Wizeline opened its stunning new office in Guadalajara, Jalisco, ...
          </div>
          <button
            class="sc-iwsKbI eUpwXN"
            data-testid="caption-add-favorite"
          >
            Add favorite
          </button>
        </div>
      </div>
    </div>
    <div
      data-testid="small-caption-{\\"kind\\":\\"youtube#video\\",\\"videoId\\":\\"HYyRZiwBWc8\\"}"
    >
      <div
        class="sc-gqjmRU gWskoB"
      >
        <img
          alt="Wizeline Guadalajara | Bringing Silicon Valley to Mexico"
          src="https://i.ytimg.com/vi/HYyRZiwBWc8/default.jpg"
        />
        <div
          class="sc-jTzLTM dCsEsz"
        >
          <div
            class="sc-VigVT dPTAIb"
          >
            Wizeline continues to offer a Silicon Valley culture in burgeoning innovation hubs like Mexico and Vietnam. In 2018, our Guadalajara team moved into a ...
          </div>
          <button
            class="sc-iwsKbI eUpwXN"
            data-testid="caption-add-favorite"
          >
            Add favorite
          </button>
        </div>
      </div>
    </div>
    <div
      data-testid="small-caption-{\\"kind\\":\\"youtube#video\\",\\"videoId\\":\\"Po3VwR_NNGk\\"}"
    >
      <div
        class="sc-gqjmRU gWskoB"
      >
        <img
          alt="Wizeline hace sentir a empleados como en casa"
          src="https://i.ytimg.com/vi/Po3VwR_NNGk/default.jpg"
        />
        <div
          class="sc-jTzLTM dCsEsz"
        >
          <div
            class="sc-VigVT dPTAIb"
          >
            En el 2014, Bismarck fundó Wizeline, compañía tecnológica que trabaja con los corporativos ofreciendo una plataforma para que desarrollen software de forma ...
          </div>
          <button
            class="sc-iwsKbI eUpwXN"
            data-testid="caption-add-favorite"
          >
            Add favorite
          </button>
        </div>
      </div>
    </div>
  </div>
</div>
`;
