// Jest Snapshot v1, https://goo.gl/fbAQLP

exports[`Not Found Landing View Should render 404 not found message 1`] = `
<DocumentFragment>
  <section
    class="not-found"
  >
    <div
      class="MuiContainer-root sc-bdfBwQ esBNfU MuiContainer-maxWidthSm"
    >
      <h1
        class="MuiTypography-root sc-gsTCUz iNyAAg MuiTypography-h1"
      >
        404 Nothing Found
      </h1>
    </div>
  </section>
</DocumentFragment>
`;
