// Jest Snapshot v1, https://goo.gl/fbAQLP

exports[`Not Found Page Validates NotFound snapshot 1`] = `
<section
  className="sc-gsTCUz kbmOXd"
>
  <img
    alt="page not found"
    src="404.gif"
  />
  <div>
    <a
      className="sc-bdfBwQ egxGcN"
      href="/"
      onClick={[Function]}
    >
      <svg
        fill="currentColor"
        height="1em"
        stroke="currentColor"
        strokeWidth="0"
        style={
          Object {
            "color": undefined,
          }
        }
        viewBox="0 0 512 512"
        width="1em"
        xmlns="http://www.w3.org/2000/svg"
      >
        <path
          d="M448 440a16 16 0 01-12.61-6.15c-22.86-29.27-44.07-51.86-73.32-67C335 352.88 301 345.59 256 344.23V424a16 16 0 01-27 11.57l-176-168a16 16 0 010-23.14l176-168A16 16 0 01256 88v80.36c74.14 3.41 129.38 30.91 164.35 81.87C449.32 292.44 464 350.9 464 424a16 16 0 01-16 16z"
        />
      </svg>
      Back to Home
    </a>
  </div>
</section>
`;
